../Core/Application Code/main.c:107:5:main	72	static
../Core/Application Code/main.c:225:6:SystemClock_Config	120	static
../Core/Application Code/main.c:284:13:MX_ETH_Init	8	static
../Core/Application Code/main.c:333:13:MX_TIM1_Init	56	static
../Core/Application Code/main.c:393:13:MX_USART3_UART_Init	8	static
../Core/Application Code/main.c:436:13:MX_FDCAN1_Init	16	static
../Core/Application Code/main.c:514:13:MX_USB_OTG_FS_PCD_Init	8	static
../Core/Application Code/main.c:550:13:MX_GPIO_Init	56	static
../Core/Application Code/main.c:616:6:HAL_FDCAN_RxFifo0Callback	72	static
../Core/Application Code/main.c:643:6:Error_Handler	4	static,ignoring_inline_asm
